DO
 objid | mode 
-------+------
(0 rows)

     name     |   lockid   
--------------+------------
 printer_lock | 1073741824
(1 row)

 pg_sleep 
----------
 
(1 row)

psql:test/sql/allocate.sql:56: NOTICE:  Found lockhandle => 1073741824
psql:test/sql/allocate.sql:56: NOTICE:  objid => 1073741824 | mode => ExclusiveLock
DO
 objid | mode 
-------+------
(0 rows)

     name     |   lockid   
--------------+------------
 printer_lock | 1073741824
(1 row)

TRUNCATE TABLE
DO
DO
   objid    |     mode      
------------+---------------
 1073741824 | ExclusiveLock
 1073741825 | ExclusiveLock
(2 rows)

     name     |   lockid   
--------------+------------
 control_lock | 1073741824
 printer_lock | 1073741825
(2 rows)

DO
 objid | mode 
-------+------
(0 rows)

     name     |   lockid   
--------------+------------
 control_lock | 1073741824
 printer_lock | 1073741825
(2 rows)

