DO
   objid    |     mode      
------------+---------------
 1073741824 | ExclusiveLock
(1 row)

 pg_sleep 
----------
 
(1 row)

DO
 pg_sleep 
----------
 
(1 row)

 objid | mode 
-------+------
(0 rows)

