DO
   objid    |   mode    
------------+-----------
 1073741824 | ShareLock
 1073741824 | ShareLock
(2 rows)

