DO
 objid |     mode      
-------+---------------
   123 | ExclusiveLock
(1 row)

 pg_sleep 
----------
 
(1 row)

DO
 objid | mode 
-------+------
(0 rows)

