 objid |     mode      
-------+---------------
   123 | ExclusiveLock
(1 row)

 objid | mode 
-------+------
(0 rows)

